// Jest Snapshot v1, https://goo.gl/fbAQLP

exports[`Test component [Icons] Renders correctly [Icons] 1`] = `
<svg
  height="24"
  viewBox="0 0 24 24"
  width="24"
>
  <rect
    fill="none"
    height="24"
    rx="0"
    ry="0"
    width="24"
  />
  <path
    clipRule="evenodd"
    d="M15.8 2C15.3582 2 15 2.35817 15 2.8V5.1L12.2867 3.20071C12.1146 3.0802 11.8854 3.0802 11.7133 3.20071L2.21327 9.85071C2.07961 9.94428 2 10.0972 2 10.2603V11.0397C2 11.4442 2.45534 11.6813 2.78673 11.4493L5 9.9V21.2C5 21.6418 5.35817 22 5.8 22H18.2C18.6418 22 19 21.6418 19 21.2V9.9L21.2133 11.4493C21.5447 11.6813 22 11.4442 22 11.0397V10.2603C22 10.0972 21.9204 9.94428 21.7867 9.85071L19 7.9V2.8C19 2.35817 18.6418 2 18.2 2H15.8ZM17.8 7.06V3.6C17.8 3.37909 17.6209 3.2 17.4 3.2H16.6C16.3791 3.2 16.2 3.37909 16.2 3.6V5.94L17.8 7.06ZM17.8 9.06V20.4C17.8 20.6209 17.6209 20.8 17.4 20.8H6.6C6.37909 20.8 6.2 20.6209 6.2 20.4V9.06L11.7133 5.20071C11.8854 5.0802 12.1146 5.0802 12.2867 5.20071L17.8 9.06Z"
    fill="#ffffff"
    fillRule="evenodd"
  />
</svg>
`;

exports[`Test component [Icons] Renders correctly defaultProps [Icons] 1`] = `
<svg
  height="24"
  viewBox="0 0 24 24"
  width="24"
>
  <rect
    fill="none"
    height="24"
    rx="0"
    ry="0"
    width="24"
  />
  <path
    clipRule="evenodd"
    d="M15.8 2C15.3582 2 15 2.35817 15 2.8V5.1L12.2867 3.20071C12.1146 3.0802 11.8854 3.0802 11.7133 3.20071L2.21327 9.85071C2.07961 9.94428 2 10.0972 2 10.2603V11.0397C2 11.4442 2.45534 11.6813 2.78673 11.4493L5 9.9V21.2C5 21.6418 5.35817 22 5.8 22H18.2C18.6418 22 19 21.6418 19 21.2V9.9L21.2133 11.4493C21.5447 11.6813 22 11.4442 22 11.0397V10.2603C22 10.0972 21.9204 9.94428 21.7867 9.85071L19 7.9V2.8C19 2.35817 18.6418 2 18.2 2H15.8ZM17.8 7.06V3.6C17.8 3.37909 17.6209 3.2 17.4 3.2H16.6C16.3791 3.2 16.2 3.37909 16.2 3.6V5.94L17.8 7.06ZM17.8 9.06V20.4C17.8 20.6209 17.6209 20.8 17.4 20.8H6.6C6.37909 20.8 6.2 20.6209 6.2 20.4V9.06L11.7133 5.20071C11.8854 5.0802 12.1146 5.0802 12.2867 5.20071L17.8 9.06Z"
    fill="#ffffff"
    fillRule="evenodd"
  />
</svg>
`;
